// Jest Snapshot v1, https://goo.gl/fbAQLP

exports[`Keyboard component renders correctly 1`] = `
<Text
  accessible={true}
  allowFontScaling={true}
  ellipsizeMode="tail"
  style={
    Object {
      "color": "rgb(255,255,255)",
      "fontFamily": "montserrat",
      "fontSize": 18,
      "textAlign": "center",
    }
  }
>
  test
</Text>
`;
